// Jest Snapshot v1, https://goo.gl/fbAQLP

exports[`Testing app.js snapshot should match 1`] = `
<Fragment>
  <BrowserRouter>
    <Switch>
      <Route
        exact={true}
        path="/"
        render={[Function]}
      />
      <Route
        exact={true}
        path="/logout"
        render={[Function]}
      />
      <Route
        exact={true}
        path="/individual/:id"
        render={[Function]}
      />
      <Route
        exact={true}
        path="/allProducts"
        render={[Function]}
      />
      <Route
        exact={true}
        path="/contact-us"
        render={[Function]}
      />
      <Route
        exact={true}
        path="/help"
        render={[Function]}
      />
      <Route
        exact={true}
        path="/basket"
        render={[Function]}
      />
      <Route
        exact={true}
        path="/checkout"
        render={[Function]}
      />
      <Route
        exact={true}
        path="/paymentGateway"
        render={[Function]}
      />
      <Route
        exact={true}
        path="/categories"
        render={[Function]}
      />
      <Route
        exact={true}
        path="/myOrders"
        render={[Function]}
      />
      <Route
        exact={true}
        path="/adminwebsite"
        render={[Function]}
      />
      <Route
        exact={true}
        path="/adminwebsite/requests"
        render={[Function]}
      />
      <Route
        exact={true}
        path="/adminwebsite/add"
        render={[Function]}
      />
      <Route
        exact={true}
        path="/adminwebsite/update"
        render={[Function]}
      />
      <Route
        exact={true}
        path="/adminwebsite/:id"
        render={[Function]}
      />
    </Switch>
  </BrowserRouter>
</Fragment>
`;
